[debug] [2026-01-03T17:00:40.201Z] > command requires scopes: ["email","openid","https://www.googleapis.com/auth/cloudplatformprojects.readonly","https://www.googleapis.com/auth/firebase","https://www.googleapis.com/auth/cloud-platform"]
[debug] [2026-01-03T17:00:40.202Z] > authorizing via signed-in user (berkayorhan@hotmail.se)
[debug] [2026-01-03T17:00:40.202Z] Checked if tokens are valid: true, expires at: 1767461903371
[debug] [2026-01-03T17:00:40.202Z] Checked if tokens are valid: true, expires at: 1767461903371
[debug] [2026-01-03T17:00:40.202Z] > command requires scopes: ["email","openid","https://www.googleapis.com/auth/cloudplatformprojects.readonly","https://www.googleapis.com/auth/firebase","https://www.googleapis.com/auth/cloud-platform"]
[debug] [2026-01-03T17:00:40.203Z] > authorizing via signed-in user (berkayorhan@hotmail.se)
[debug] [2026-01-03T17:00:40.203Z] >>> [apiv2][query] GET https://cloudbilling.googleapis.com/v1/projects/gen-ui-project-2025/billingInfo [none]
[debug] [2026-01-03T17:00:40.212Z] Checked if tokens are valid: true, expires at: 1767461903371
[debug] [2026-01-03T17:00:40.212Z] Checked if tokens are valid: true, expires at: 1767461903371
[debug] [2026-01-03T17:00:40.212Z] >>> [apiv2][query] GET https://cloudbilling.googleapis.com/v1/projects/gen-ui-project-2025/billingInfo [none]
[debug] [2026-01-03T17:00:41.071Z] <<< [apiv2][status] GET https://cloudbilling.googleapis.com/v1/projects/gen-ui-project-2025/billingInfo 200
[debug] [2026-01-03T17:00:41.071Z] <<< [apiv2][body] GET https://cloudbilling.googleapis.com/v1/projects/gen-ui-project-2025/billingInfo {"name":"projects/gen-ui-project-2025/billingInfo","projectId":"gen-ui-project-2025","billingAccountName":"billingAccounts/019D09-762EB4-4E0CB2","billingEnabled":true}
[debug] [2026-01-03T17:00:41.074Z] Checked if tokens are valid: true, expires at: 1767461903371
[debug] [2026-01-03T17:00:41.074Z] Checked if tokens are valid: true, expires at: 1767461903371
[debug] [2026-01-03T17:00:41.074Z] Checked if tokens are valid: true, expires at: 1767461903371
[debug] [2026-01-03T17:00:41.074Z] Checked if tokens are valid: true, expires at: 1767461903371
[debug] [2026-01-03T17:00:41.074Z] Checked if tokens are valid: true, expires at: 1767461903371
[debug] [2026-01-03T17:00:41.074Z] Checked if tokens are valid: true, expires at: 1767461903371
[debug] [2026-01-03T17:00:41.079Z] Checked if tokens are valid: true, expires at: 1767461903371
[debug] [2026-01-03T17:00:41.079Z] Checked if tokens are valid: true, expires at: 1767461903371
[debug] [2026-01-03T17:00:41.079Z] Checked if tokens are valid: true, expires at: 1767461903371
[debug] [2026-01-03T17:00:41.079Z] Checked if tokens are valid: true, expires at: 1767461903371
[debug] [2026-01-03T17:00:41.079Z] >>> [apiv2][query] GET https://serviceusage.googleapis.com/v1/projects/gen-ui-project-2025/services/firestore.googleapis.com [none]
[debug] [2026-01-03T17:00:41.079Z] >>> [apiv2][(partial)header] GET https://serviceusage.googleapis.com/v1/projects/gen-ui-project-2025/services/firestore.googleapis.com x-goog-quota-user=projects/gen-ui-project-2025
[debug] [2026-01-03T17:00:41.080Z] >>> [apiv2][query] GET https://serviceusage.googleapis.com/v1/projects/gen-ui-project-2025/services/firebasedataconnect.googleapis.com [none]
[debug] [2026-01-03T17:00:41.080Z] >>> [apiv2][(partial)header] GET https://serviceusage.googleapis.com/v1/projects/gen-ui-project-2025/services/firebasedataconnect.googleapis.com x-goog-quota-user=projects/gen-ui-project-2025
[debug] [2026-01-03T17:00:41.080Z] >>> [apiv2][query] GET https://serviceusage.googleapis.com/v1/projects/gen-ui-project-2025/services/cloudfunctions.googleapis.com [none]
[debug] [2026-01-03T17:00:41.080Z] >>> [apiv2][(partial)header] GET https://serviceusage.googleapis.com/v1/projects/gen-ui-project-2025/services/cloudfunctions.googleapis.com x-goog-quota-user=projects/gen-ui-project-2025
[debug] [2026-01-03T17:00:41.081Z] >>> [apiv2][query] GET https://serviceusage.googleapis.com/v1/projects/gen-ui-project-2025/services/firebaseapphosting.googleapis.com [none]
[debug] [2026-01-03T17:00:41.081Z] >>> [apiv2][(partial)header] GET https://serviceusage.googleapis.com/v1/projects/gen-ui-project-2025/services/firebaseapphosting.googleapis.com x-goog-quota-user=projects/gen-ui-project-2025
[debug] [2026-01-03T17:00:41.081Z] >>> [apiv2][query] GET https://serviceusage.googleapis.com/v1/projects/gen-ui-project-2025/services/firebaseio.com [none]
[debug] [2026-01-03T17:00:41.081Z] >>> [apiv2][(partial)header] GET https://serviceusage.googleapis.com/v1/projects/gen-ui-project-2025/services/firebaseio.com x-goog-quota-user=projects/gen-ui-project-2025
[debug] [2026-01-03T17:00:41.868Z] <<< [apiv2][status] GET https://cloudbilling.googleapis.com/v1/projects/gen-ui-project-2025/billingInfo 200
[debug] [2026-01-03T17:00:41.868Z] <<< [apiv2][body] GET https://cloudbilling.googleapis.com/v1/projects/gen-ui-project-2025/billingInfo {"name":"projects/gen-ui-project-2025/billingInfo","projectId":"gen-ui-project-2025","billingAccountName":"billingAccounts/019D09-762EB4-4E0CB2","billingEnabled":true}
[debug] [2026-01-03T17:00:41.868Z] Checked if tokens are valid: true, expires at: 1767461903371
[debug] [2026-01-03T17:00:41.868Z] Checked if tokens are valid: true, expires at: 1767461903371
[debug] [2026-01-03T17:00:41.868Z] Checked if tokens are valid: true, expires at: 1767461903371
[debug] [2026-01-03T17:00:41.869Z] Checked if tokens are valid: true, expires at: 1767461903371
[debug] [2026-01-03T17:00:41.869Z] Checked if tokens are valid: true, expires at: 1767461903371
[debug] [2026-01-03T17:00:41.869Z] Checked if tokens are valid: true, expires at: 1767461903371
[debug] [2026-01-03T17:00:41.870Z] Checked if tokens are valid: true, expires at: 1767461903371
[debug] [2026-01-03T17:00:41.870Z] Checked if tokens are valid: true, expires at: 1767461903371
[debug] [2026-01-03T17:00:41.870Z] Checked if tokens are valid: true, expires at: 1767461903371
[debug] [2026-01-03T17:00:41.870Z] Checked if tokens are valid: true, expires at: 1767461903371
[debug] [2026-01-03T17:00:41.871Z] >>> [apiv2][query] GET https://serviceusage.googleapis.com/v1/projects/gen-ui-project-2025/services/firestore.googleapis.com [none]
[debug] [2026-01-03T17:00:41.871Z] >>> [apiv2][(partial)header] GET https://serviceusage.googleapis.com/v1/projects/gen-ui-project-2025/services/firestore.googleapis.com x-goog-quota-user=projects/gen-ui-project-2025
[debug] [2026-01-03T17:00:41.871Z] >>> [apiv2][query] GET https://serviceusage.googleapis.com/v1/projects/gen-ui-project-2025/services/firebasedataconnect.googleapis.com [none]
[debug] [2026-01-03T17:00:41.871Z] >>> [apiv2][(partial)header] GET https://serviceusage.googleapis.com/v1/projects/gen-ui-project-2025/services/firebasedataconnect.googleapis.com x-goog-quota-user=projects/gen-ui-project-2025
[debug] [2026-01-03T17:00:41.872Z] >>> [apiv2][query] GET https://serviceusage.googleapis.com/v1/projects/gen-ui-project-2025/services/cloudfunctions.googleapis.com [none]
[debug] [2026-01-03T17:00:41.872Z] >>> [apiv2][(partial)header] GET https://serviceusage.googleapis.com/v1/projects/gen-ui-project-2025/services/cloudfunctions.googleapis.com x-goog-quota-user=projects/gen-ui-project-2025
[debug] [2026-01-03T17:00:41.873Z] >>> [apiv2][query] GET https://serviceusage.googleapis.com/v1/projects/gen-ui-project-2025/services/firebaseapphosting.googleapis.com [none]
[debug] [2026-01-03T17:00:41.873Z] >>> [apiv2][(partial)header] GET https://serviceusage.googleapis.com/v1/projects/gen-ui-project-2025/services/firebaseapphosting.googleapis.com x-goog-quota-user=projects/gen-ui-project-2025
[debug] [2026-01-03T17:00:41.873Z] >>> [apiv2][query] GET https://serviceusage.googleapis.com/v1/projects/gen-ui-project-2025/services/firebaseio.com [none]
[debug] [2026-01-03T17:00:41.873Z] >>> [apiv2][(partial)header] GET https://serviceusage.googleapis.com/v1/projects/gen-ui-project-2025/services/firebaseio.com x-goog-quota-user=projects/gen-ui-project-2025
[debug] [2026-01-03T17:00:42.050Z] <<< [apiv2][status] GET https://serviceusage.googleapis.com/v1/projects/gen-ui-project-2025/services/firestore.googleapis.com 200
[debug] [2026-01-03T17:00:42.050Z] <<< [apiv2][body] GET https://serviceusage.googleapis.com/v1/projects/gen-ui-project-2025/services/firestore.googleapis.com [omitted]
[debug] [2026-01-03T17:00:42.104Z] <<< [apiv2][status] GET https://serviceusage.googleapis.com/v1/projects/gen-ui-project-2025/services/cloudfunctions.googleapis.com 200
[debug] [2026-01-03T17:00:42.104Z] <<< [apiv2][body] GET https://serviceusage.googleapis.com/v1/projects/gen-ui-project-2025/services/cloudfunctions.googleapis.com [omitted]
[debug] [2026-01-03T17:00:42.193Z] <<< [apiv2][status] GET https://serviceusage.googleapis.com/v1/projects/gen-ui-project-2025/services/firebaseio.com 403
[debug] [2026-01-03T17:00:42.193Z] <<< [apiv2][body] GET https://serviceusage.googleapis.com/v1/projects/gen-ui-project-2025/services/firebaseio.com [omitted]
[debug] [2026-01-03T17:00:42.282Z] <<< [apiv2][status] GET https://serviceusage.googleapis.com/v1/projects/gen-ui-project-2025/services/firebasedataconnect.googleapis.com 200
[debug] [2026-01-03T17:00:42.282Z] <<< [apiv2][body] GET https://serviceusage.googleapis.com/v1/projects/gen-ui-project-2025/services/firebasedataconnect.googleapis.com [omitted]
[debug] [2026-01-03T17:00:42.299Z] <<< [apiv2][status] GET https://serviceusage.googleapis.com/v1/projects/gen-ui-project-2025/services/firebaseapphosting.googleapis.com 200
[debug] [2026-01-03T17:00:42.299Z] <<< [apiv2][body] GET https://serviceusage.googleapis.com/v1/projects/gen-ui-project-2025/services/firebaseapphosting.googleapis.com [omitted]
[debug] [2026-01-03T17:00:42.300Z] > command requires scopes: ["email","openid","https://www.googleapis.com/auth/cloudplatformprojects.readonly","https://www.googleapis.com/auth/firebase","https://www.googleapis.com/auth/cloud-platform"]
[debug] [2026-01-03T17:00:42.300Z] > authorizing via signed-in user (berkayorhan@hotmail.se)
[debug] [2026-01-03T17:00:42.300Z] Checked if tokens are valid: true, expires at: 1767461903371
[debug] [2026-01-03T17:00:42.300Z] Checked if tokens are valid: true, expires at: 1767461903371
[debug] [2026-01-03T17:00:42.300Z] >>> [apiv2][query] GET https://cloudbilling.googleapis.com/v1/projects/gen-ui-project-2025/billingInfo [none]
[debug] [2026-01-03T17:00:42.798Z] <<< [apiv2][status] GET https://serviceusage.googleapis.com/v1/projects/gen-ui-project-2025/services/firebasedataconnect.googleapis.com 200
[debug] [2026-01-03T17:00:42.798Z] <<< [apiv2][body] GET https://serviceusage.googleapis.com/v1/projects/gen-ui-project-2025/services/firebasedataconnect.googleapis.com [omitted]
[debug] [2026-01-03T17:00:42.827Z] <<< [apiv2][status] GET https://serviceusage.googleapis.com/v1/projects/gen-ui-project-2025/services/cloudfunctions.googleapis.com 200
[debug] [2026-01-03T17:00:42.827Z] <<< [apiv2][body] GET https://serviceusage.googleapis.com/v1/projects/gen-ui-project-2025/services/cloudfunctions.googleapis.com [omitted]
[debug] [2026-01-03T17:00:42.871Z] <<< [apiv2][status] GET https://serviceusage.googleapis.com/v1/projects/gen-ui-project-2025/services/firestore.googleapis.com 200
[debug] [2026-01-03T17:00:42.871Z] <<< [apiv2][body] GET https://serviceusage.googleapis.com/v1/projects/gen-ui-project-2025/services/firestore.googleapis.com [omitted]
[debug] [2026-01-03T17:00:42.962Z] <<< [apiv2][status] GET https://serviceusage.googleapis.com/v1/projects/gen-ui-project-2025/services/firebaseio.com 403
[debug] [2026-01-03T17:00:42.962Z] <<< [apiv2][body] GET https://serviceusage.googleapis.com/v1/projects/gen-ui-project-2025/services/firebaseio.com [omitted]
[debug] [2026-01-03T17:00:43.060Z] <<< [apiv2][status] GET https://serviceusage.googleapis.com/v1/projects/gen-ui-project-2025/services/firebaseapphosting.googleapis.com 200
[debug] [2026-01-03T17:00:43.060Z] <<< [apiv2][body] GET https://serviceusage.googleapis.com/v1/projects/gen-ui-project-2025/services/firebaseapphosting.googleapis.com [omitted]
[debug] [2026-01-03T17:00:43.122Z] <<< [apiv2][status] GET https://cloudbilling.googleapis.com/v1/projects/gen-ui-project-2025/billingInfo 200
[debug] [2026-01-03T17:00:43.122Z] <<< [apiv2][body] GET https://cloudbilling.googleapis.com/v1/projects/gen-ui-project-2025/billingInfo {"name":"projects/gen-ui-project-2025/billingInfo","projectId":"gen-ui-project-2025","billingAccountName":"billingAccounts/019D09-762EB4-4E0CB2","billingEnabled":true}
[debug] [2026-01-03T17:00:43.122Z] > command requires scopes: ["email","openid","https://www.googleapis.com/auth/cloudplatformprojects.readonly","https://www.googleapis.com/auth/firebase","https://www.googleapis.com/auth/cloud-platform"]
[debug] [2026-01-03T17:00:43.122Z] > authorizing via signed-in user (berkayorhan@hotmail.se)
